Start Point, End Point, WNS (ns)
irq_fast_i[2],instr_addr_o[2],-200.6972
irq_fast_i[2],instr_addr_o[3],-200.5353
irq_fast_i[2],instr_addr_o[6],-200.5306
irq_fast_i[4],instr_addr_o[31],-200.3596
irq_fast_i[4],instr_addr_o[25],-200.2533
irq_fast_i[4],instr_addr_o[30],-200.2372
irq_fast_i[4],instr_addr_o[29],-200.2034
irq_fast_i[4],instr_addr_o[28],-200.059
irq_fast_i[4],instr_addr_o[26],-200.0378
irq_fast_i[4],instr_addr_o[24],-199.6842
irq_fast_i[4],instr_addr_o[20],-199.674
irq_fast_i[4],instr_addr_o[22],-199.6296
irq_fast_i[4],instr_addr_o[21],-199.6034
irq_fast_i[4],instr_addr_o[16],-199.3654
irq_fast_i[4],instr_addr_o[14],-199.325
irq_fast_i[4],instr_addr_o[18],-199.325
irq_fast_i[4],instr_addr_o[13],-199.2473
irq_fast_i[4],instr_addr_o[17],-199.2447
irq_fast_i[4],instr_addr_o[4],-199.0922
irq_fast_i[4],instr_addr_o[10],-199.09
irq_fast_i[4],instr_addr_o[8],-199.0878
irq_fast_i[4],instr_addr_o[9],-199.034
irq_fast_i[4],instr_addr_o[5],-198.7536
irq_fast_i[4],core_sleep_o,-114.6998
irq_fast_i[2],instr_req_o,-49.0998
boot_addr_i[12],instr_addr_o[12],-33.5446
irq_fast_i[4],instr_addr_o[27],-31.6165
irq_fast_i[4],instr_addr_o[23],-31.3134
irq_fast_i[4],instr_addr_o[15],-31.0143
irq_fast_i[4],instr_addr_o[19],-31.0119
irq_fast_i[4],instr_addr_o[7],-30.7088
irq_fast_i[4],instr_addr_o[11],-30.7043
