Start Point, End Point, WNS (ns)
boot_addr_i[20],instr_addr_o[20],-201.1313
irq_fast_i[6],instr_addr_o[31],-200.5661
irq_fast_i[6],instr_addr_o[6],-200.4956
irq_fast_i[6],instr_addr_o[3],-200.4695
irq_fast_i[6],instr_addr_o[4],-200.3207
irq_fast_i[6],instr_addr_o[29],-200.2125
irq_fast_i[6],instr_addr_o[30],-199.9669
irq_fast_i[6],instr_addr_o[24],-199.9117
irq_fast_i[6],instr_addr_o[21],-199.681
irq_fast_i[6],instr_addr_o[22],-199.6126
irq_fast_i[6],instr_addr_o[26],-199.6126
irq_fast_i[6],instr_addr_o[25],-199.5676
irq_fast_i[6],instr_addr_o[13],-199.4898
irq_fast_i[6],instr_addr_o[17],-199.4495
irq_fast_i[6],instr_addr_o[18],-199.4437
irq_fast_i[6],instr_addr_o[5],-199.1549
irq_fast_i[6],instr_addr_o[10],-199.1525
irq_fast_i[6],instr_addr_o[12],-199.1481
irq_fast_i[6],instr_addr_o[14],-199.1433
irq_fast_i[6],instr_addr_o[9],-199.1408
irq_fast_i[6],instr_addr_o[2],-198.8674
irq_fast_i[6],core_sleep_o,-114.8947
irq_fast_i[6],instr_req_o,-48.7544
irq_fast_i[6],instr_addr_o[27],-31.66
irq_fast_i[6],instr_addr_o[28],-31.6528
irq_fast_i[6],instr_addr_o[23],-31.3413
irq_fast_i[6],instr_addr_o[15],-31.1355
irq_fast_i[6],instr_addr_o[19],-31.1259
irq_fast_i[6],instr_addr_o[16],-31.1214
irq_fast_i[6],instr_addr_o[11],-30.8358
irq_fast_i[6],instr_addr_o[7],-30.5228
irq_fast_i[6],instr_addr_o[8],-30.5107
