Startpoint: adder_result_ex_i[0] (input port clocked by clk_i)
Endpoint: lsu_req_done_o (output port clocked by clk_i)
Path Group: clk_i
Path Type: max

  Delay    Time   Description
---------------------------------------------------------
   0.00    0.00   clock clk_i (rise edge)
   0.00    0.00   clock network delay (ideal)
   2.00    2.00 v input external delay
   0.00    2.00 v adder_result_ex_i[0] (in)
   1.12    3.12 ^ _1319_/Y (sky130_fd_sc_hd__nor2_1)
   0.16    3.28 v _1588_/Y (sky130_fd_sc_hd__a211oi_1)
   0.41    3.69 v _1592_/X (sky130_fd_sc_hd__mux2_1)
   0.20    3.89 ^ _1641_/Y (sky130_fd_sc_hd__nor4_1)
   0.00    3.89 ^ lsu_req_done_o (out)
           3.89   data arrival time

  10.00   10.00   clock clk_i (rise edge)
   0.00   10.00   clock network delay (ideal)
   0.00   10.00   clock reconvergence pessimism
  -2.00    8.00   output external delay
           8.00   data required time
---------------------------------------------------------
           8.00   data required time
          -3.89   data arrival time
---------------------------------------------------------
           4.11   slack (MET)


Startpoint: adder_result_ex_i[0] (input port clocked by clk_i)
Endpoint: data_wdata_o[29] (output port clocked by clk_i)
Path Group: clk_i
Path Type: max

  Delay    Time   Description
---------------------------------------------------------
   0.00    0.00   clock clk_i (rise edge)
   0.00    0.00   clock network delay (ideal)
   2.00    2.00 ^ input external delay
   0.00    2.00 ^ adder_result_ex_i[0] (in)
   1.15    3.15 ^ _1318_/X (sky130_fd_sc_hd__lpflow_isobufsrc_1)
   0.34    3.49 v _1407_/Y (sky130_fd_sc_hd__a222oi_1)
   0.13    3.61 ^ _1408_/Y (sky130_fd_sc_hd__nand2_1)
   0.00    3.61 ^ data_wdata_o[29] (out)
           3.61   data arrival time

  10.00   10.00   clock clk_i (rise edge)
   0.00   10.00   clock network delay (ideal)
   0.00   10.00   clock reconvergence pessimism
  -2.00    8.00   output external delay
           8.00   data required time
---------------------------------------------------------
           8.00   data required time
          -3.61   data arrival time
---------------------------------------------------------
           4.39   slack (MET)


Startpoint: adder_result_ex_i[0] (input port clocked by clk_i)
Endpoint: data_wdata_o[15] (output port clocked by clk_i)
Path Group: clk_i
Path Type: max

  Delay    Time   Description
---------------------------------------------------------
   0.00    0.00   clock clk_i (rise edge)
   0.00    0.00   clock network delay (ideal)
   2.00    2.00 ^ input external delay
   0.00    2.00 ^ adder_result_ex_i[0] (in)
   1.15    3.15 ^ _1318_/X (sky130_fd_sc_hd__lpflow_isobufsrc_1)
   0.34    3.49 v _1630_/Y (sky130_fd_sc_hd__a222oi_1)
   0.12    3.61 ^ _1631_/Y (sky130_fd_sc_hd__nand2_1)
   0.00    3.61 ^ data_wdata_o[15] (out)
           3.61   data arrival time

  10.00   10.00   clock clk_i (rise edge)
   0.00   10.00   clock network delay (ideal)
   0.00   10.00   clock reconvergence pessimism
  -2.00    8.00   output external delay
           8.00   data required time
---------------------------------------------------------
           8.00   data required time
          -3.61   data arrival time
---------------------------------------------------------
           4.39   slack (MET)


Startpoint: adder_result_ex_i[0] (input port clocked by clk_i)
Endpoint: data_wdata_o[16] (output port clocked by clk_i)
Path Group: clk_i
Path Type: max

  Delay    Time   Description
---------------------------------------------------------
   0.00    0.00   clock clk_i (rise edge)
   0.00    0.00   clock network delay (ideal)
   2.00    2.00 ^ input external delay
   0.00    2.00 ^ adder_result_ex_i[0] (in)
   1.15    3.15 ^ _1318_/X (sky130_fd_sc_hd__lpflow_isobufsrc_1)
   0.34    3.49 v _1458_/Y (sky130_fd_sc_hd__a222oi_1)
   0.12    3.61 ^ _1459_/Y (sky130_fd_sc_hd__nand2_1)
   0.00    3.61 ^ data_wdata_o[16] (out)
           3.61   data arrival time

  10.00   10.00   clock clk_i (rise edge)
   0.00   10.00   clock network delay (ideal)
   0.00   10.00   clock reconvergence pessimism
  -2.00    8.00   output external delay
           8.00   data required time
---------------------------------------------------------
           8.00   data required time
          -3.61   data arrival time
---------------------------------------------------------
           4.39   slack (MET)


Startpoint: adder_result_ex_i[0] (input port clocked by clk_i)
Endpoint: data_wdata_o[21] (output port clocked by clk_i)
Path Group: clk_i
Path Type: max

  Delay    Time   Description
---------------------------------------------------------
   0.00    0.00   clock clk_i (rise edge)
   0.00    0.00   clock network delay (ideal)
   2.00    2.00 ^ input external delay
   0.00    2.00 ^ adder_result_ex_i[0] (in)
   1.15    3.15 ^ _1318_/X (sky130_fd_sc_hd__lpflow_isobufsrc_1)
   0.34    3.49 v _1613_/Y (sky130_fd_sc_hd__a222oi_1)
   0.12    3.61 ^ _1614_/Y (sky130_fd_sc_hd__nand2_1)
   0.00    3.61 ^ data_wdata_o[21] (out)
           3.61   data arrival time

  10.00   10.00   clock clk_i (rise edge)
   0.00   10.00   clock network delay (ideal)
   0.00   10.00   clock reconvergence pessimism
  -2.00    8.00   output external delay
           8.00   data required time
---------------------------------------------------------
           8.00   data required time
          -3.61   data arrival time
---------------------------------------------------------
           4.39   slack (MET)


Startpoint: adder_result_ex_i[0] (input port clocked by clk_i)
Endpoint: data_wdata_o[25] (output port clocked by clk_i)
Path Group: clk_i
Path Type: max

  Delay    Time   Description
---------------------------------------------------------
   0.00    0.00   clock clk_i (rise edge)
   0.00    0.00   clock network delay (ideal)
   2.00    2.00 ^ input external delay
   0.00    2.00 ^ adder_result_ex_i[0] (in)
   1.15    3.15 ^ _1318_/X (sky130_fd_sc_hd__lpflow_isobufsrc_1)
   0.34    3.49 v _1461_/Y (sky130_fd_sc_hd__a222oi_1)
   0.12    3.61 ^ _1462_/Y (sky130_fd_sc_hd__nand2_1)
   0.00    3.61 ^ data_wdata_o[25] (out)
           3.61   data arrival time

  10.00   10.00   clock clk_i (rise edge)
   0.00   10.00   clock network delay (ideal)
   0.00   10.00   clock reconvergence pessimism
  -2.00    8.00   output external delay
           8.00   data required time
---------------------------------------------------------
           8.00   data required time
          -3.61   data arrival time
---------------------------------------------------------
           4.39   slack (MET)


Startpoint: adder_result_ex_i[0] (input port clocked by clk_i)
Endpoint: data_wdata_o[4] (output port clocked by clk_i)
Path Group: clk_i
Path Type: max

  Delay    Time   Description
---------------------------------------------------------
   0.00    0.00   clock clk_i (rise edge)
   0.00    0.00   clock network delay (ideal)
   2.00    2.00 ^ input external delay
   0.00    2.00 ^ adder_result_ex_i[0] (in)
   1.15    3.15 ^ _1318_/X (sky130_fd_sc_hd__lpflow_isobufsrc_1)
   0.34    3.49 v _1350_/Y (sky130_fd_sc_hd__a222oi_1)
   0.12    3.61 ^ _1351_/Y (sky130_fd_sc_hd__nand2_1)
   0.00    3.61 ^ data_wdata_o[4] (out)
           3.61   data arrival time

  10.00   10.00   clock clk_i (rise edge)
   0.00   10.00   clock network delay (ideal)
   0.00   10.00   clock reconvergence pessimism
  -2.00    8.00   output external delay
           8.00   data required time
---------------------------------------------------------
           8.00   data required time
          -3.61   data arrival time
---------------------------------------------------------
           4.39   slack (MET)


Startpoint: adder_result_ex_i[0] (input port clocked by clk_i)
Endpoint: data_wdata_o[5] (output port clocked by clk_i)
Path Group: clk_i
Path Type: max

  Delay    Time   Description
---------------------------------------------------------
   0.00    0.00   clock clk_i (rise edge)
   0.00    0.00   clock network delay (ideal)
   2.00    2.00 ^ input external delay
   0.00    2.00 ^ adder_result_ex_i[0] (in)
   1.15    3.15 ^ _1318_/X (sky130_fd_sc_hd__lpflow_isobufsrc_1)
   0.34    3.49 v _1347_/Y (sky130_fd_sc_hd__a222oi_1)
   0.12    3.61 ^ _1348_/Y (sky130_fd_sc_hd__nand2_1)
   0.00    3.61 ^ data_wdata_o[5] (out)
           3.61   data arrival time

  10.00   10.00   clock clk_i (rise edge)
   0.00   10.00   clock network delay (ideal)
   0.00   10.00   clock reconvergence pessimism
  -2.00    8.00   output external delay
           8.00   data required time
---------------------------------------------------------
           8.00   data required time
          -3.61   data arrival time
---------------------------------------------------------
           4.39   slack (MET)


Startpoint: adder_result_ex_i[0] (input port clocked by clk_i)
Endpoint: data_wdata_o[14] (output port clocked by clk_i)
Path Group: clk_i
Path Type: max

  Delay    Time   Description
---------------------------------------------------------
   0.00    0.00   clock clk_i (rise edge)
   0.00    0.00   clock network delay (ideal)
   2.00    2.00 ^ input external delay
   0.00    2.00 ^ adder_result_ex_i[0] (in)
   1.15    3.15 ^ _1318_/X (sky130_fd_sc_hd__lpflow_isobufsrc_1)
   0.34    3.49 v _1621_/Y (sky130_fd_sc_hd__a222oi_1)
   0.12    3.60 ^ _1622_/Y (sky130_fd_sc_hd__nand2_1)
   0.00    3.60 ^ data_wdata_o[14] (out)
           3.60   data arrival time

  10.00   10.00   clock clk_i (rise edge)
   0.00   10.00   clock network delay (ideal)
   0.00   10.00   clock reconvergence pessimism
  -2.00    8.00   output external delay
           8.00   data required time
---------------------------------------------------------
           8.00   data required time
          -3.60   data arrival time
---------------------------------------------------------
           4.40   slack (MET)


Startpoint: adder_result_ex_i[0] (input port clocked by clk_i)
Endpoint: data_wdata_o[19] (output port clocked by clk_i)
Path Group: clk_i
Path Type: max

  Delay    Time   Description
---------------------------------------------------------
   0.00    0.00   clock clk_i (rise edge)
   0.00    0.00   clock network delay (ideal)
   2.00    2.00 ^ input external delay
   0.00    2.00 ^ adder_result_ex_i[0] (in)
   1.15    3.15 ^ _1318_/X (sky130_fd_sc_hd__lpflow_isobufsrc_1)
   0.34    3.49 v _1370_/Y (sky130_fd_sc_hd__a222oi_1)
   0.12    3.60 ^ _1371_/Y (sky130_fd_sc_hd__nand2_1)
   0.00    3.60 ^ data_wdata_o[19] (out)
           3.60   data arrival time

  10.00   10.00   clock clk_i (rise edge)
   0.00   10.00   clock network delay (ideal)
   0.00   10.00   clock reconvergence pessimism
  -2.00    8.00   output external delay
           8.00   data required time
---------------------------------------------------------
           8.00   data required time
          -3.60   data arrival time
---------------------------------------------------------
           4.40   slack (MET)


Startpoint: adder_result_ex_i[0] (input port clocked by clk_i)
Endpoint: data_wdata_o[20] (output port clocked by clk_i)
Path Group: clk_i
Path Type: max

  Delay    Time   Description
---------------------------------------------------------
   0.00    0.00   clock clk_i (rise edge)
   0.00    0.00   clock network delay (ideal)
   2.00    2.00 ^ input external delay
   0.00    2.00 ^ adder_result_ex_i[0] (in)
   1.15    3.15 ^ _1318_/X (sky130_fd_sc_hd__lpflow_isobufsrc_1)
   0.34    3.49 v _1616_/Y (sky130_fd_sc_hd__a222oi_1)
   0.12    3.60 ^ _1617_/Y (sky130_fd_sc_hd__nand2_1)
   0.00    3.60 ^ data_wdata_o[20] (out)
           3.60   data arrival time

  10.00   10.00   clock clk_i (rise edge)
   0.00   10.00   clock network delay (ideal)
   0.00   10.00   clock reconvergence pessimism
  -2.00    8.00   output external delay
           8.00   data required time
---------------------------------------------------------
           8.00   data required time
          -3.60   data arrival time
---------------------------------------------------------
           4.40   slack (MET)


Startpoint: adder_result_ex_i[1] (input port clocked by clk_i)
Endpoint: data_wdata_o[0] (output port clocked by clk_i)
Path Group: clk_i
Path Type: max

  Delay    Time   Description
---------------------------------------------------------
   0.00    0.00   clock clk_i (rise edge)
   0.00    0.00   clock network delay (ideal)
   2.00    2.00 ^ input external delay
   0.00    2.00 ^ adder_result_ex_i[1] (in)
   1.13    3.13 ^ _1317_/X (sky130_fd_sc_hd__lpflow_isobufsrc_1)
   0.33    3.46 v _1362_/Y (sky130_fd_sc_hd__a222oi_1)
   0.13    3.59 ^ _1363_/Y (sky130_fd_sc_hd__nand2_1)
   0.00    3.59 ^ data_wdata_o[0] (out)
           3.59   data arrival time

  10.00   10.00   clock clk_i (rise edge)
   0.00   10.00   clock network delay (ideal)
   0.00   10.00   clock reconvergence pessimism
  -2.00    8.00   output external delay
           8.00   data required time
---------------------------------------------------------
           8.00   data required time
          -3.59   data arrival time
---------------------------------------------------------
           4.41   slack (MET)


Startpoint: adder_result_ex_i[1] (input port clocked by clk_i)
Endpoint: data_wdata_o[13] (output port clocked by clk_i)
Path Group: clk_i
Path Type: max

  Delay    Time   Description
---------------------------------------------------------
   0.00    0.00   clock clk_i (rise edge)
   0.00    0.00   clock network delay (ideal)
   2.00    2.00 ^ input external delay
   0.00    2.00 ^ adder_result_ex_i[1] (in)
   1.13    3.13 ^ _1317_/X (sky130_fd_sc_hd__lpflow_isobufsrc_1)
   0.33    3.46 v _1323_/Y (sky130_fd_sc_hd__a222oi_1)
   0.13    3.59 ^ _1324_/Y (sky130_fd_sc_hd__nand2_1)
   0.00    3.59 ^ data_wdata_o[13] (out)
           3.59   data arrival time

  10.00   10.00   clock clk_i (rise edge)
   0.00   10.00   clock network delay (ideal)
   0.00   10.00   clock reconvergence pessimism
  -2.00    8.00   output external delay
           8.00   data required time
---------------------------------------------------------
           8.00   data required time
          -3.59   data arrival time
---------------------------------------------------------
           4.41   slack (MET)


Startpoint: adder_result_ex_i[1] (input port clocked by clk_i)
Endpoint: data_wdata_o[10] (output port clocked by clk_i)
Path Group: clk_i
Path Type: max

  Delay    Time   Description
---------------------------------------------------------
   0.00    0.00   clock clk_i (rise edge)
   0.00    0.00   clock network delay (ideal)
   2.00    2.00 ^ input external delay
   0.00    2.00 ^ adder_result_ex_i[1] (in)
   1.13    3.13 ^ _1317_/X (sky130_fd_sc_hd__lpflow_isobufsrc_1)
   0.33    3.46 v _1332_/Y (sky130_fd_sc_hd__a222oi_1)
   0.12    3.58 ^ _1333_/Y (sky130_fd_sc_hd__nand2_1)
   0.00    3.58 ^ data_wdata_o[10] (out)
           3.58   data arrival time

  10.00   10.00   clock clk_i (rise edge)
   0.00   10.00   clock network delay (ideal)
   0.00   10.00   clock reconvergence pessimism
  -2.00    8.00   output external delay
           8.00   data required time
---------------------------------------------------------
           8.00   data required time
          -3.58   data arrival time
---------------------------------------------------------
           4.42   slack (MET)


Startpoint: adder_result_ex_i[1] (input port clocked by clk_i)
Endpoint: data_wdata_o[11] (output port clocked by clk_i)
Path Group: clk_i
Path Type: max

  Delay    Time   Description
---------------------------------------------------------
   0.00    0.00   clock clk_i (rise edge)
   0.00    0.00   clock network delay (ideal)
   2.00    2.00 ^ input external delay
   0.00    2.00 ^ adder_result_ex_i[1] (in)
   1.13    3.13 ^ _1317_/X (sky130_fd_sc_hd__lpflow_isobufsrc_1)
   0.33    3.46 v _1329_/Y (sky130_fd_sc_hd__a222oi_1)
   0.12    3.58 ^ _1330_/Y (sky130_fd_sc_hd__nand2_1)
   0.00    3.58 ^ data_wdata_o[11] (out)
           3.58   data arrival time

  10.00   10.00   clock clk_i (rise edge)
   0.00   10.00   clock network delay (ideal)
   0.00   10.00   clock reconvergence pessimism
  -2.00    8.00   output external delay
           8.00   data required time
---------------------------------------------------------
           8.00   data required time
          -3.58   data arrival time
---------------------------------------------------------
           4.42   slack (MET)


Startpoint: adder_result_ex_i[1] (input port clocked by clk_i)
Endpoint: data_wdata_o[1] (output port clocked by clk_i)
Path Group: clk_i
Path Type: max

  Delay    Time   Description
---------------------------------------------------------
   0.00    0.00   clock clk_i (rise edge)
   0.00    0.00   clock network delay (ideal)
   2.00    2.00 ^ input external delay
   0.00    2.00 ^ adder_result_ex_i[1] (in)
   1.13    3.13 ^ _1317_/X (sky130_fd_sc_hd__lpflow_isobufsrc_1)
   0.33    3.46 v _1359_/Y (sky130_fd_sc_hd__a222oi_1)
   0.12    3.58 ^ _1360_/Y (sky130_fd_sc_hd__nand2_1)
   0.00    3.58 ^ data_wdata_o[1] (out)
           3.58   data arrival time

  10.00   10.00   clock clk_i (rise edge)
   0.00   10.00   clock network delay (ideal)
   0.00   10.00   clock reconvergence pessimism
  -2.00    8.00   output external delay
           8.00   data required time
---------------------------------------------------------
           8.00   data required time
          -3.58   data arrival time
---------------------------------------------------------
           4.42   slack (MET)


Startpoint: adder_result_ex_i[1] (input port clocked by clk_i)
Endpoint: data_wdata_o[22] (output port clocked by clk_i)
Path Group: clk_i
Path Type: max

  Delay    Time   Description
---------------------------------------------------------
   0.00    0.00   clock clk_i (rise edge)
   0.00    0.00   clock network delay (ideal)
   2.00    2.00 ^ input external delay
   0.00    2.00 ^ adder_result_ex_i[1] (in)
   1.13    3.13 ^ _1317_/X (sky130_fd_sc_hd__lpflow_isobufsrc_1)
   0.33    3.46 v _1606_/Y (sky130_fd_sc_hd__a222oi_1)
   0.12    3.58 ^ _1607_/Y (sky130_fd_sc_hd__nand2_1)
   0.00    3.58 ^ data_wdata_o[22] (out)
           3.58   data arrival time

  10.00   10.00   clock clk_i (rise edge)
   0.00   10.00   clock network delay (ideal)
   0.00   10.00   clock reconvergence pessimism
  -2.00    8.00   output external delay
           8.00   data required time
---------------------------------------------------------
           8.00   data required time
          -3.58   data arrival time
---------------------------------------------------------
           4.42   slack (MET)


Startpoint: adder_result_ex_i[1] (input port clocked by clk_i)
Endpoint: data_wdata_o[24] (output port clocked by clk_i)
Path Group: clk_i
Path Type: max

  Delay    Time   Description
---------------------------------------------------------
   0.00    0.00   clock clk_i (rise edge)
   0.00    0.00   clock network delay (ideal)
   2.00    2.00 ^ input external delay
   0.00    2.00 ^ adder_result_ex_i[1] (in)
   1.13    3.13 ^ _1317_/X (sky130_fd_sc_hd__lpflow_isobufsrc_1)
   0.33    3.46 v _1496_/Y (sky130_fd_sc_hd__a222oi_1)
   0.12    3.58 ^ _1497_/Y (sky130_fd_sc_hd__nand2_1)
   0.00    3.58 ^ data_wdata_o[24] (out)
           3.58   data arrival time

  10.00   10.00   clock clk_i (rise edge)
   0.00   10.00   clock network delay (ideal)
   0.00   10.00   clock reconvergence pessimism
  -2.00    8.00   output external delay
           8.00   data required time
---------------------------------------------------------
           8.00   data required time
          -3.58   data arrival time
---------------------------------------------------------
           4.42   slack (MET)


Startpoint: adder_result_ex_i[1] (input port clocked by clk_i)
Endpoint: data_wdata_o[26] (output port clocked by clk_i)
Path Group: clk_i
Path Type: max

  Delay    Time   Description
---------------------------------------------------------
   0.00    0.00   clock clk_i (rise edge)
   0.00    0.00   clock network delay (ideal)
   2.00    2.00 ^ input external delay
   0.00    2.00 ^ adder_result_ex_i[1] (in)
   1.13    3.13 ^ _1317_/X (sky130_fd_sc_hd__lpflow_isobufsrc_1)
   0.33    3.46 v _1446_/Y (sky130_fd_sc_hd__a222oi_1)
   0.12    3.58 ^ _1447_/Y (sky130_fd_sc_hd__nand2_1)
   0.00    3.58 ^ data_wdata_o[26] (out)
           3.58   data arrival time

  10.00   10.00   clock clk_i (rise edge)
   0.00   10.00   clock network delay (ideal)
   0.00   10.00   clock reconvergence pessimism
  -2.00    8.00   output external delay
           8.00   data required time
---------------------------------------------------------
           8.00   data required time
          -3.58   data arrival time
---------------------------------------------------------
           4.42   slack (MET)


Startpoint: adder_result_ex_i[1] (input port clocked by clk_i)
Endpoint: data_wdata_o[27] (output port clocked by clk_i)
Path Group: clk_i
Path Type: max

  Delay    Time   Description
---------------------------------------------------------
   0.00    0.00   clock clk_i (rise edge)
   0.00    0.00   clock network delay (ideal)
   2.00    2.00 ^ input external delay
   0.00    2.00 ^ adder_result_ex_i[1] (in)
   1.13    3.13 ^ _1317_/X (sky130_fd_sc_hd__lpflow_isobufsrc_1)
   0.33    3.46 v _1434_/Y (sky130_fd_sc_hd__a222oi_1)
   0.12    3.58 ^ _1435_/Y (sky130_fd_sc_hd__nand2_1)
   0.00    3.58 ^ data_wdata_o[27] (out)
           3.58   data arrival time

  10.00   10.00   clock clk_i (rise edge)
   0.00   10.00   clock network delay (ideal)
   0.00   10.00   clock reconvergence pessimism
  -2.00    8.00   output external delay
           8.00   data required time
---------------------------------------------------------
           8.00   data required time
          -3.58   data arrival time
---------------------------------------------------------
           4.42   slack (MET)


