Start Point, End Point, WNS (ns)
irq_fast_i[0],instr_addr_o[30],-200.5294
irq_fast_i[0],instr_addr_o[26],-200.492
irq_fast_i[0],instr_addr_o[5],-200.4893
irq_fast_i[0],instr_addr_o[3],-200.4626
irq_fast_i[0],instr_addr_o[29],-200.4557
irq_fast_i[0],instr_addr_o[4],-200.3421
irq_fast_i[0],instr_addr_o[22],-199.8966
irq_fast_i[0],instr_addr_o[18],-199.8838
irq_fast_i[0],instr_addr_o[21],-199.8756
irq_fast_i[0],instr_addr_o[25],-199.8199
irq_fast_i[0],instr_addr_o[17],-199.5073
irq_fast_i[0],instr_addr_o[13],-199.3747
irq_fast_i[0],instr_addr_o[6],-199.2452
irq_fast_i[0],core_sleep_o,-114.8947
irq_fast_i[0],instr_addr_o[2],-53.6035
irq_fast_i[0],instr_req_o,-48.755
irq_fast_i[0],instr_addr_o[31],-32.1161
irq_fast_i[0],instr_addr_o[27],-31.8989
irq_fast_i[0],instr_addr_o[28],-31.8915
irq_fast_i[0],instr_addr_o[23],-31.5868
irq_fast_i[0],instr_addr_o[24],-31.5795
irq_fast_i[0],instr_addr_o[19],-31.2811
irq_fast_i[0],instr_addr_o[15],-31.2741
irq_fast_i[0],instr_addr_o[20],-31.2676
boot_addr_i[16],instr_addr_o[16],-31.0116
irq_fast_i[0],instr_addr_o[10],-30.979
irq_fast_i[0],instr_addr_o[14],-30.9789
irq_fast_i[0],instr_addr_o[11],-30.9617
irq_fast_i[0],instr_addr_o[12],-30.9515
irq_fast_i[0],instr_addr_o[7],-30.6533
irq_fast_i[0],instr_addr_o[9],-30.6418
irq_fast_i[0],instr_addr_o[8],-30.6396
